Release 13.2 - xst O.61xd (nt64)
Copyright (c) 1995-2011 Xilinx, Inc.  All rights reserved.
--> Parameter TMPDIR set to xst/projnav.tmp


Total REAL time to Xst completion: 1.00 secs
Total CPU time to Xst completion: 0.14 secs
 
--> Parameter xsthdpdir set to xst


Total REAL time to Xst completion: 1.00 secs
Total CPU time to Xst completion: 0.14 secs
 
--> Reading design: main.prj

TABLE OF CONTENTS
  1) Synthesis Options Summary
  2) HDL Parsing
  3) HDL Elaboration
  4) HDL Synthesis
       4.1) HDL Synthesis Report
  5) Advanced HDL Synthesis
       5.1) Advanced HDL Synthesis Report
  6) Low Level Synthesis
  7) Partition Report
  8) Design Summary
       8.1) Primitive and Black Box Usage
       8.2) Device utilization summary
       8.3) Partition Resource Summary
       8.4) Timing Report
            8.4.1) Clock Information
            8.4.2) Asynchronous Control Signals Information
            8.4.3) Timing Summary
            8.4.4) Timing Details
            8.4.5) Cross Clock Domains Report


=========================================================================
*                      Synthesis Options Summary                        *
=========================================================================
---- Source Parameters
Input File Name                    : "main.prj"
Input Format                       : mixed
Ignore Synthesis Constraint File   : NO

---- Target Parameters
Output File Name                   : "main"
Output Format                      : NGC
Target Device                      : xc6slx16-3-csg324

---- Source Options
Top Module Name                    : main
Automatic FSM Extraction           : YES
FSM Encoding Algorithm             : Auto
Safe Implementation                : No
FSM Style                          : LUT
RAM Extraction                     : Yes
RAM Style                          : Auto
ROM Extraction                     : Yes
Shift Register Extraction          : YES
ROM Style                          : Auto
Resource Sharing                   : YES
Asynchronous To Synchronous        : NO
Shift Register Minimum Size        : 2
Use DSP Block                      : Auto
Automatic Register Balancing       : No

---- Target Options
LUT Combining                      : Auto
Reduce Control Sets                : Auto
Add IO Buffers                     : YES
Global Maximum Fanout              : 100000
Add Generic Clock Buffer(BUFG)     : 16
Register Duplication               : YES
Optimize Instantiated Primitives   : NO
Use Clock Enable                   : Auto
Use Synchronous Set                : Auto
Use Synchronous Reset              : Auto
Pack IO Registers into IOBs        : Auto
Equivalent register Removal        : YES

---- General Options
Optimization Goal                  : Speed
Optimization Effort                : 1
Power Reduction                    : NO
Keep Hierarchy                     : No
Netlist Hierarchy                  : As_Optimized
RTL Output                         : Yes
Global Optimization                : AllClockNets
Read Cores                         : YES
Write Timing Constraints           : NO
Cross Clock Analysis               : NO
Hierarchy Separator                : /
Bus Delimiter                      : <>
Case Specifier                     : Maintain
Slice Utilization Ratio            : 100
BRAM Utilization Ratio             : 100
DSP48 Utilization Ratio            : 100
Auto BRAM Packing                  : NO
Slice Utilization Ratio Delta      : 5

=========================================================================


=========================================================================
*                          HDL Parsing                                  *
=========================================================================
Parsing VHDL file "\\psf\home\coding\fpga\RamTest01\samuirai.vhd" into library work
Parsing package <samuirai>.
Parsing package body <samuirai>.
Parsing VHDL file "\\psf\home\coding\fpga\RamTest01\memctrl.vhd" into library work
Parsing entity <memctrl>.
Parsing architecture <Behavioral> of entity <memctrl>.
Parsing VHDL file "\\psf\home\coding\fpga\RamTest01\main.vhd" into library work
Parsing entity <main>.
Parsing architecture <Behavioral> of entity <main>.
WARNING:HDLCompiler:1369 - "\\psf\home\coding\fpga\RamTest01\main.vhd" Line 116: Possible infinite loop; process does not have a wait statement

=========================================================================
*                            HDL Elaboration                            *
=========================================================================

Elaborating entity <main> (architecture <Behavioral>) from library <work>.

Elaborating entity <memctrl> (architecture <Behavioral>) from library <work>.
INFO:HDLCompiler:679 - "\\psf\home\coding\fpga\RamTest01\memctrl.vhd" Line 487. Case statement is complete. others clause is never selected

=========================================================================
*                           HDL Synthesis                               *
=========================================================================

Synthesizing Unit <main>.
    Related source file is "//psf/home/coding/fpga/ramtest01/main.vhd".
    Found 1-bit register for signal <WriteRequest>.
    Found 16-bit register for signal <DataIn>.
    Found 23-bit register for signal <Adr>.
    Found 1-bit register for signal <OKIN>.
    Found 8-bit register for signal <led>.
    Found 1-bit register for signal <ReadRequest>.
    Summary:
	inferred  50 D-type flip-flop(s).
	inferred   4 Multiplexer(s).
Unit <main> synthesized.

Synthesizing Unit <memctrl>.
    Related source file is "//psf/home/coding/fpga/ramtest01/memctrl.vhd".
WARNING:Xst:2935 - Signal 'MemClk', unconnected in block 'memctrl', is tied to its initial value (0).
WARNING:Xst:2935 - Signal 'RamCRE', unconnected in block 'memctrl', is tied to its initial value (0).
    Found 1-bit register for signal <RamCE>.
    Found 1-bit register for signal <RamOE>.
    Found 1-bit register for signal <MemWR>.
    Found 23-bit register for signal <MemAdr>.
    Found 16-bit register for signal <STATE[4]_dff_116_OUT>.
    Found 1-bit register for signal <RamUB>.
    Found 1-bit register for signal <RamLB>.
    Found 1-bit register for signal <STATE[4]_clk_DFF_46_q>.
    Found 1-bit register for signal <busy>.
    Found 32-bit register for signal <idle>.
    Found 1-bit register for signal <OKOUT>.
    Found 32-bit register for signal <OK>.
    Found 16-bit register for signal <DataLatch>.
    Found 23-bit register for signal <AdrLatch>.
    Found 5-bit register for signal <STATE>.
    Found 16-bit register for signal <DataOut>.
    Found 1-bit register for signal <STATE[4]_clk_DFF_86>.
    Found 1-bit register for signal <STATE[4]_clk_DFF_87>.
    Found 1-bit register for signal <STATE[4]_clk_DFF_88>.
    Found 1-bit register for signal <STATE[4]_clk_DFF_89>.
    Found 1-bit register for signal <STATE[4]_clk_DFF_90>.
    Found 1-bit register for signal <STATE[4]_clk_DFF_91>.
    Found 1-bit register for signal <STATE[4]_clk_DFF_92>.
    Found 1-bit register for signal <STATE[4]_clk_DFF_93>.
    Found 1-bit register for signal <STATE[4]_clk_DFF_94>.
    Found 1-bit register for signal <STATE[4]_clk_DFF_95>.
    Found 1-bit register for signal <STATE[4]_clk_DFF_96>.
    Found 1-bit register for signal <STATE[4]_clk_DFF_97>.
    Found 1-bit register for signal <STATE[4]_clk_DFF_98>.
    Found 1-bit register for signal <STATE[4]_clk_DFF_99>.
    Found 1-bit register for signal <STATE[4]_clk_DFF_100>.
    Found 1-bit register for signal <STATE[4]_clk_DFF_101>.
    Found 1-bit register for signal <STATE[4]_clk_DFF_102>.
    Found 1-bit register for signal <MemAdv>.
    Found finite state machine <FSM_0> for signal <OK>.
    -----------------------------------------------------------------------
    | States             | 3                                              |
    | Transitions        | 26                                             |
    | Inputs             | 8                                              |
    | Outputs            | 2                                              |
    | Clock              | clk (rising_edge)                              |
    | Power Up State     | 10000000000000000000000000000000               |
    | Encoding           | auto                                           |
    | Implementation     | LUT                                            |
    -----------------------------------------------------------------------
    Found finite state machine <FSM_1> for signal <STATE>.
    -----------------------------------------------------------------------
    | States             | 21                                             |
    | Transitions        | 48                                             |
    | Inputs             | 7                                              |
    | Outputs            | 15                                             |
    | Clock              | clk (rising_edge)                              |
    | Power Up State     | init                                           |
    | Encoding           | auto                                           |
    | Implementation     | LUT                                            |
    -----------------------------------------------------------------------
    Found 32-bit subtractor for signal <idle[31]_GND_5_o_sub_60_OUT<31:0>> created at line 297.
    Found 1-bit tristate buffer for signal <MemData<15>> created at line 65
    Found 1-bit tristate buffer for signal <MemData<14>> created at line 65
    Found 1-bit tristate buffer for signal <MemData<13>> created at line 65
    Found 1-bit tristate buffer for signal <MemData<12>> created at line 65
    Found 1-bit tristate buffer for signal <MemData<11>> created at line 65
    Found 1-bit tristate buffer for signal <MemData<10>> created at line 65
    Found 1-bit tristate buffer for signal <MemData<9>> created at line 65
    Found 1-bit tristate buffer for signal <MemData<8>> created at line 65
    Found 1-bit tristate buffer for signal <MemData<7>> created at line 65
    Found 1-bit tristate buffer for signal <MemData<6>> created at line 65
    Found 1-bit tristate buffer for signal <MemData<5>> created at line 65
    Found 1-bit tristate buffer for signal <MemData<4>> created at line 65
    Found 1-bit tristate buffer for signal <MemData<3>> created at line 65
    Found 1-bit tristate buffer for signal <MemData<2>> created at line 65
    Found 1-bit tristate buffer for signal <MemData<1>> created at line 65
    Found 1-bit tristate buffer for signal <MemData<0>> created at line 65
    Found 1-bit tristate buffer for signal <MemWait> created at line 65
    Found 32-bit comparator greater for signal <idle[31]_GND_5_o_LessThan_46_o> created at line 271
    Summary:
	inferred   1 Adder/Subtractor(s).
	inferred 152 D-type flip-flop(s).
	inferred   1 Comparator(s).
	inferred  23 Multiplexer(s).
	inferred  17 Tristate(s).
	inferred   2 Finite State Machine(s).
Unit <memctrl> synthesized.

=========================================================================
HDL Synthesis Report

Macro Statistics
# Adders/Subtractors                                   : 1
 32-bit subtractor                                     : 1
# Registers                                            : 38
 1-bit register                                        : 29
 16-bit register                                       : 4
 23-bit register                                       : 3
 32-bit register                                       : 1
 8-bit register                                        : 1
# Comparators                                          : 1
 32-bit comparator greater                             : 1
# Multiplexers                                         : 27
 1-bit 2-to-1 multiplexer                              : 4
 16-bit 2-to-1 multiplexer                             : 1
 32-bit 2-to-1 multiplexer                             : 21
 8-bit 2-to-1 multiplexer                              : 1
# Tristates                                            : 17
 1-bit tristate buffer                                 : 17
# FSMs                                                 : 2

=========================================================================

=========================================================================
*                       Advanced HDL Synthesis                          *
=========================================================================

INFO:Xst:2261 - The FF/Latch <STATE[4]_clk_DFF_86> in Unit <MemoryController> is equivalent to the following 15 FFs/Latches, which will be removed : <STATE[4]_clk_DFF_87> <STATE[4]_clk_DFF_90> <STATE[4]_clk_DFF_88> <STATE[4]_clk_DFF_89> <STATE[4]_clk_DFF_91> <STATE[4]_clk_DFF_92> <STATE[4]_clk_DFF_95> <STATE[4]_clk_DFF_93> <STATE[4]_clk_DFF_94> <STATE[4]_clk_DFF_96> <STATE[4]_clk_DFF_97> <STATE[4]_clk_DFF_100> <STATE[4]_clk_DFF_98> <STATE[4]_clk_DFF_99> <STATE[4]_clk_DFF_101> 
WARNING:Xst:1293 - FF/Latch <MemAdv> has a constant value of 0 in block <MemoryController>. This FF/Latch will be trimmed during the optimization process.
WARNING:Xst:1710 - FF/Latch <AdrLatch_23> (without init value) has a constant value of 0 in block <MemoryController>. This FF/Latch will be trimmed during the optimization process.
WARNING:Xst:1710 - FF/Latch <AdrLatch_22> (without init value) has a constant value of 0 in block <MemoryController>. This FF/Latch will be trimmed during the optimization process.
WARNING:Xst:1710 - FF/Latch <AdrLatch_21> (without init value) has a constant value of 0 in block <MemoryController>. This FF/Latch will be trimmed during the optimization process.
WARNING:Xst:1710 - FF/Latch <AdrLatch_20> (without init value) has a constant value of 0 in block <MemoryController>. This FF/Latch will be trimmed during the optimization process.
WARNING:Xst:1710 - FF/Latch <AdrLatch_19> (without init value) has a constant value of 0 in block <MemoryController>. This FF/Latch will be trimmed during the optimization process.
WARNING:Xst:1710 - FF/Latch <AdrLatch_18> (without init value) has a constant value of 0 in block <MemoryController>. This FF/Latch will be trimmed during the optimization process.
WARNING:Xst:1710 - FF/Latch <AdrLatch_17> (without init value) has a constant value of 0 in block <MemoryController>. This FF/Latch will be trimmed during the optimization process.
WARNING:Xst:1710 - FF/Latch <AdrLatch_16> (without init value) has a constant value of 0 in block <MemoryController>. This FF/Latch will be trimmed during the optimization process.
WARNING:Xst:1710 - FF/Latch <AdrLatch_15> (without init value) has a constant value of 0 in block <MemoryController>. This FF/Latch will be trimmed during the optimization process.
WARNING:Xst:1710 - FF/Latch <AdrLatch_14> (without init value) has a constant value of 0 in block <MemoryController>. This FF/Latch will be trimmed during the optimization process.
WARNING:Xst:1710 - FF/Latch <AdrLatch_13> (without init value) has a constant value of 0 in block <MemoryController>. This FF/Latch will be trimmed during the optimization process.
WARNING:Xst:1710 - FF/Latch <AdrLatch_12> (without init value) has a constant value of 0 in block <MemoryController>. This FF/Latch will be trimmed during the optimization process.
WARNING:Xst:1710 - FF/Latch <AdrLatch_11> (without init value) has a constant value of 0 in block <MemoryController>. This FF/Latch will be trimmed during the optimization process.
WARNING:Xst:1710 - FF/Latch <AdrLatch_10> (without init value) has a constant value of 0 in block <MemoryController>. This FF/Latch will be trimmed during the optimization process.
WARNING:Xst:1710 - FF/Latch <DataLatch_8> (without init value) has a constant value of 0 in block <MemoryController>. This FF/Latch will be trimmed during the optimization process.
WARNING:Xst:1710 - FF/Latch <DataLatch_9> (without init value) has a constant value of 0 in block <MemoryController>. This FF/Latch will be trimmed during the optimization process.
WARNING:Xst:1710 - FF/Latch <DataLatch_10> (without init value) has a constant value of 0 in block <MemoryController>. This FF/Latch will be trimmed during the optimization process.
WARNING:Xst:1710 - FF/Latch <DataLatch_11> (without init value) has a constant value of 0 in block <MemoryController>. This FF/Latch will be trimmed during the optimization process.
WARNING:Xst:1710 - FF/Latch <DataLatch_12> (without init value) has a constant value of 0 in block <MemoryController>. This FF/Latch will be trimmed during the optimization process.
WARNING:Xst:1710 - FF/Latch <DataLatch_13> (without init value) has a constant value of 0 in block <MemoryController>. This FF/Latch will be trimmed during the optimization process.
WARNING:Xst:1710 - FF/Latch <DataLatch_14> (without init value) has a constant value of 0 in block <MemoryController>. This FF/Latch will be trimmed during the optimization process.
WARNING:Xst:1710 - FF/Latch <DataLatch_15> (without init value) has a constant value of 0 in block <MemoryController>. This FF/Latch will be trimmed during the optimization process.
WARNING:Xst:1710 - FF/Latch <AdrLatch_3> (without init value) has a constant value of 0 in block <MemoryController>. This FF/Latch will be trimmed during the optimization process.
WARNING:Xst:1710 - FF/Latch <AdrLatch_4> (without init value) has a constant value of 0 in block <MemoryController>. This FF/Latch will be trimmed during the optimization process.
WARNING:Xst:1710 - FF/Latch <AdrLatch_5> (without init value) has a constant value of 0 in block <MemoryController>. This FF/Latch will be trimmed during the optimization process.
WARNING:Xst:1710 - FF/Latch <AdrLatch_6> (without init value) has a constant value of 0 in block <MemoryController>. This FF/Latch will be trimmed during the optimization process.
WARNING:Xst:1710 - FF/Latch <AdrLatch_7> (without init value) has a constant value of 0 in block <MemoryController>. This FF/Latch will be trimmed during the optimization process.
WARNING:Xst:1710 - FF/Latch <AdrLatch_8> (without init value) has a constant value of 0 in block <MemoryController>. This FF/Latch will be trimmed during the optimization process.
WARNING:Xst:1710 - FF/Latch <AdrLatch_9> (without init value) has a constant value of 0 in block <MemoryController>. This FF/Latch will be trimmed during the optimization process.
WARNING:Xst:1895 - Due to other FF/Latch trimming, FF/Latch <Adr_14> (without init value) has a constant value of 0 in block <main>. This FF/Latch will be trimmed during the optimization process.
WARNING:Xst:1895 - Due to other FF/Latch trimming, FF/Latch <Adr_15> (without init value) has a constant value of 0 in block <main>. This FF/Latch will be trimmed during the optimization process.
WARNING:Xst:1895 - Due to other FF/Latch trimming, FF/Latch <Adr_16> (without init value) has a constant value of 0 in block <main>. This FF/Latch will be trimmed during the optimization process.
WARNING:Xst:1895 - Due to other FF/Latch trimming, FF/Latch <Adr_17> (without init value) has a constant value of 0 in block <main>. This FF/Latch will be trimmed during the optimization process.
WARNING:Xst:1895 - Due to other FF/Latch trimming, FF/Latch <Adr_18> (without init value) has a constant value of 0 in block <main>. This FF/Latch will be trimmed during the optimization process.
WARNING:Xst:1895 - Due to other FF/Latch trimming, FF/Latch <Adr_19> (without init value) has a constant value of 0 in block <main>. This FF/Latch will be trimmed during the optimization process.
WARNING:Xst:1895 - Due to other FF/Latch trimming, FF/Latch <Adr_20> (without init value) has a constant value of 0 in block <main>. This FF/Latch will be trimmed during the optimization process.
WARNING:Xst:1895 - Due to other FF/Latch trimming, FF/Latch <Adr_21> (without init value) has a constant value of 0 in block <main>. This FF/Latch will be trimmed during the optimization process.
WARNING:Xst:1896 - Due to other FF/Latch trimming, FF/Latch <DataIn_15> has a constant value of 0 in block <main>. This FF/Latch will be trimmed during the optimization process.
WARNING:Xst:1896 - Due to other FF/Latch trimming, FF/Latch <DataIn_14> has a constant value of 0 in block <main>. This FF/Latch will be trimmed during the optimization process.
WARNING:Xst:1896 - Due to other FF/Latch trimming, FF/Latch <DataIn_13> has a constant value of 0 in block <main>. This FF/Latch will be trimmed during the optimization process.
WARNING:Xst:1896 - Due to other FF/Latch trimming, FF/Latch <DataIn_12> has a constant value of 0 in block <main>. This FF/Latch will be trimmed during the optimization process.
WARNING:Xst:1895 - Due to other FF/Latch trimming, FF/Latch <Adr_13> (without init value) has a constant value of 0 in block <main>. This FF/Latch will be trimmed during the optimization process.
WARNING:Xst:1895 - Due to other FF/Latch trimming, FF/Latch <Adr_12> (without init value) has a constant value of 0 in block <main>. This FF/Latch will be trimmed during the optimization process.
WARNING:Xst:1895 - Due to other FF/Latch trimming, FF/Latch <Adr_11> (without init value) has a constant value of 0 in block <main>. This FF/Latch will be trimmed during the optimization process.
WARNING:Xst:1895 - Due to other FF/Latch trimming, FF/Latch <Adr_10> (without init value) has a constant value of 0 in block <main>. This FF/Latch will be trimmed during the optimization process.
WARNING:Xst:1895 - Due to other FF/Latch trimming, FF/Latch <Adr_9> (without init value) has a constant value of 0 in block <main>. This FF/Latch will be trimmed during the optimization process.
WARNING:Xst:1895 - Due to other FF/Latch trimming, FF/Latch <Adr_8> (without init value) has a constant value of 0 in block <main>. This FF/Latch will be trimmed during the optimization process.
WARNING:Xst:1895 - Due to other FF/Latch trimming, FF/Latch <Adr_7> (without init value) has a constant value of 0 in block <main>. This FF/Latch will be trimmed during the optimization process.
WARNING:Xst:1895 - Due to other FF/Latch trimming, FF/Latch <Adr_6> (without init value) has a constant value of 0 in block <main>. This FF/Latch will be trimmed during the optimization process.
WARNING:Xst:1895 - Due to other FF/Latch trimming, FF/Latch <Adr_5> (without init value) has a constant value of 0 in block <main>. This FF/Latch will be trimmed during the optimization process.
WARNING:Xst:1895 - Due to other FF/Latch trimming, FF/Latch <Adr_4> (without init value) has a constant value of 0 in block <main>. This FF/Latch will be trimmed during the optimization process.
WARNING:Xst:1895 - Due to other FF/Latch trimming, FF/Latch <Adr_3> (without init value) has a constant value of 0 in block <main>. This FF/Latch will be trimmed during the optimization process.
WARNING:Xst:1895 - Due to other FF/Latch trimming, FF/Latch <Adr_2> (without init value) has a constant value of 0 in block <main>. This FF/Latch will be trimmed during the optimization process.
WARNING:Xst:1895 - Due to other FF/Latch trimming, FF/Latch <Adr_1> (without init value) has a constant value of 0 in block <main>. This FF/Latch will be trimmed during the optimization process.
WARNING:Xst:1895 - Due to other FF/Latch trimming, FF/Latch <MemAdr_3> (without init value) has a constant value of 0 in block <MemoryController>. This FF/Latch will be trimmed during the optimization process.
WARNING:Xst:1895 - Due to other FF/Latch trimming, FF/Latch <MemAdr_4> (without init value) has a constant value of 0 in block <MemoryController>. This FF/Latch will be trimmed during the optimization process.
WARNING:Xst:1895 - Due to other FF/Latch trimming, FF/Latch <MemAdr_5> (without init value) has a constant value of 0 in block <MemoryController>. This FF/Latch will be trimmed during the optimization process.
WARNING:Xst:1895 - Due to other FF/Latch trimming, FF/Latch <MemAdr_6> (without init value) has a constant value of 0 in block <MemoryController>. This FF/Latch will be trimmed during the optimization process.
WARNING:Xst:1895 - Due to other FF/Latch trimming, FF/Latch <MemAdr_7> (without init value) has a constant value of 0 in block <MemoryController>. This FF/Latch will be trimmed during the optimization process.
WARNING:Xst:1895 - Due to other FF/Latch trimming, FF/Latch <MemAdr_8> (without init value) has a constant value of 0 in block <MemoryController>. This FF/Latch will be trimmed during the optimization process.
WARNING:Xst:1895 - Due to other FF/Latch trimming, FF/Latch <MemAdr_9> (without init value) has a constant value of 0 in block <MemoryController>. This FF/Latch will be trimmed during the optimization process.
WARNING:Xst:1895 - Due to other FF/Latch trimming, FF/Latch <MemAdr_10> (without init value) has a constant value of 0 in block <MemoryController>. This FF/Latch will be trimmed during the optimization process.
WARNING:Xst:1895 - Due to other FF/Latch trimming, FF/Latch <MemAdr_11> (without init value) has a constant value of 0 in block <MemoryController>. This FF/Latch will be trimmed during the optimization process.
WARNING:Xst:1895 - Due to other FF/Latch trimming, FF/Latch <MemAdr_12> (without init value) has a constant value of 0 in block <MemoryController>. This FF/Latch will be trimmed during the optimization process.
WARNING:Xst:1895 - Due to other FF/Latch trimming, FF/Latch <MemAdr_13> (without init value) has a constant value of 0 in block <MemoryController>. This FF/Latch will be trimmed during the optimization process.
WARNING:Xst:1895 - Due to other FF/Latch trimming, FF/Latch <MemAdr_14> (without init value) has a constant value of 0 in block <MemoryController>. This FF/Latch will be trimmed during the optimization process.
WARNING:Xst:1895 - Due to other FF/Latch trimming, FF/Latch <MemAdr_15> (without init value) has a constant value of 0 in block <MemoryController>. This FF/Latch will be trimmed during the optimization process.
WARNING:Xst:1895 - Due to other FF/Latch trimming, FF/Latch <MemAdr_16> (without init value) has a constant value of 0 in block <MemoryController>. This FF/Latch will be trimmed during the optimization process.
WARNING:Xst:1895 - Due to other FF/Latch trimming, FF/Latch <MemAdr_17> (without init value) has a constant value of 0 in block <MemoryController>. This FF/Latch will be trimmed during the optimization process.
WARNING:Xst:1895 - Due to other FF/Latch trimming, FF/Latch <MemAdr_18> (without init value) has a constant value of 0 in block <MemoryController>. This FF/Latch will be trimmed during the optimization process.
WARNING:Xst:1895 - Due to other FF/Latch trimming, FF/Latch <MemAdr_19> (without init value) has a constant value of 0 in block <MemoryController>. This FF/Latch will be trimmed during the optimization process.
WARNING:Xst:1895 - Due to other FF/Latch trimming, FF/Latch <MemAdr_20> (without init value) has a constant value of 0 in block <MemoryController>. This FF/Latch will be trimmed during the optimization process.
WARNING:Xst:1895 - Due to other FF/Latch trimming, FF/Latch <MemAdr_21> (without init value) has a constant value of 0 in block <MemoryController>. This FF/Latch will be trimmed during the optimization process.
WARNING:Xst:1895 - Due to other FF/Latch trimming, FF/Latch <MemAdr_22> (without init value) has a constant value of 0 in block <MemoryController>. This FF/Latch will be trimmed during the optimization process.
WARNING:Xst:1895 - Due to other FF/Latch trimming, FF/Latch <MemAdr_23> (without init value) has a constant value of 0 in block <MemoryController>. This FF/Latch will be trimmed during the optimization process.
WARNING:Xst:1896 - Due to other FF/Latch trimming, FF/Latch <DataIn_8> has a constant value of 0 in block <main>. This FF/Latch will be trimmed during the optimization process.
WARNING:Xst:1896 - Due to other FF/Latch trimming, FF/Latch <DataIn_9> has a constant value of 0 in block <main>. This FF/Latch will be trimmed during the optimization process.
WARNING:Xst:1896 - Due to other FF/Latch trimming, FF/Latch <DataIn_10> has a constant value of 0 in block <main>. This FF/Latch will be trimmed during the optimization process.
WARNING:Xst:1896 - Due to other FF/Latch trimming, FF/Latch <DataIn_11> has a constant value of 0 in block <main>. This FF/Latch will be trimmed during the optimization process.
WARNING:Xst:2677 - Node <DataOut_8> of sequential type is unconnected in block <MemoryController>.
WARNING:Xst:2677 - Node <DataOut_9> of sequential type is unconnected in block <MemoryController>.
WARNING:Xst:2677 - Node <DataOut_10> of sequential type is unconnected in block <MemoryController>.
WARNING:Xst:2677 - Node <DataOut_11> of sequential type is unconnected in block <MemoryController>.
WARNING:Xst:2677 - Node <DataOut_12> of sequential type is unconnected in block <MemoryController>.
WARNING:Xst:2677 - Node <DataOut_13> of sequential type is unconnected in block <MemoryController>.
WARNING:Xst:2677 - Node <DataOut_14> of sequential type is unconnected in block <MemoryController>.
WARNING:Xst:2677 - Node <DataOut_15> of sequential type is unconnected in block <MemoryController>.

=========================================================================
Advanced HDL Synthesis Report

Macro Statistics
# Adders/Subtractors                                   : 1
 32-bit subtractor                                     : 1
# Registers                                            : 202
 Flip-Flops                                            : 202
# Comparators                                          : 1
 32-bit comparator greater                             : 1
# Multiplexers                                         : 27
 1-bit 2-to-1 multiplexer                              : 4
 16-bit 2-to-1 multiplexer                             : 1
 32-bit 2-to-1 multiplexer                             : 21
 8-bit 2-to-1 multiplexer                              : 1
# FSMs                                                 : 2

=========================================================================

=========================================================================
*                         Low Level Synthesis                           *
=========================================================================
WARNING:Xst:1293 - FF/Latch <MemAdv> has a constant value of 0 in block <memctrl>. This FF/Latch will be trimmed during the optimization process.
WARNING:Xst:1710 - FF/Latch <Adr_1> (without init value) has a constant value of 0 in block <main>. This FF/Latch will be trimmed during the optimization process.
WARNING:Xst:1895 - Due to other FF/Latch trimming, FF/Latch <Adr_2> (without init value) has a constant value of 0 in block <main>. This FF/Latch will be trimmed during the optimization process.
WARNING:Xst:1895 - Due to other FF/Latch trimming, FF/Latch <Adr_3> (without init value) has a constant value of 0 in block <main>. This FF/Latch will be trimmed during the optimization process.
WARNING:Xst:1895 - Due to other FF/Latch trimming, FF/Latch <Adr_4> (without init value) has a constant value of 0 in block <main>. This FF/Latch will be trimmed during the optimization process.
WARNING:Xst:1895 - Due to other FF/Latch trimming, FF/Latch <Adr_5> (without init value) has a constant value of 0 in block <main>. This FF/Latch will be trimmed during the optimization process.
WARNING:Xst:1895 - Due to other FF/Latch trimming, FF/Latch <Adr_6> (without init value) has a constant value of 0 in block <main>. This FF/Latch will be trimmed during the optimization process.
WARNING:Xst:1895 - Due to other FF/Latch trimming, FF/Latch <Adr_7> (without init value) has a constant value of 0 in block <main>. This FF/Latch will be trimmed during the optimization process.
WARNING:Xst:1895 - Due to other FF/Latch trimming, FF/Latch <Adr_8> (without init value) has a constant value of 0 in block <main>. This FF/Latch will be trimmed during the optimization process.
WARNING:Xst:1895 - Due to other FF/Latch trimming, FF/Latch <Adr_9> (without init value) has a constant value of 0 in block <main>. This FF/Latch will be trimmed during the optimization process.
WARNING:Xst:1895 - Due to other FF/Latch trimming, FF/Latch <Adr_10> (without init value) has a constant value of 0 in block <main>. This FF/Latch will be trimmed during the optimization process.
WARNING:Xst:1895 - Due to other FF/Latch trimming, FF/Latch <Adr_11> (without init value) has a constant value of 0 in block <main>. This FF/Latch will be trimmed during the optimization process.
WARNING:Xst:1895 - Due to other FF/Latch trimming, FF/Latch <Adr_12> (without init value) has a constant value of 0 in block <main>. This FF/Latch will be trimmed during the optimization process.
WARNING:Xst:1895 - Due to other FF/Latch trimming, FF/Latch <Adr_13> (without init value) has a constant value of 0 in block <main>. This FF/Latch will be trimmed during the optimization process.
WARNING:Xst:1895 - Due to other FF/Latch trimming, FF/Latch <Adr_14> (without init value) has a constant value of 0 in block <main>. This FF/Latch will be trimmed during the optimization process.
WARNING:Xst:1895 - Due to other FF/Latch trimming, FF/Latch <Adr_15> (without init value) has a constant value of 0 in block <main>. This FF/Latch will be trimmed during the optimization process.
WARNING:Xst:1895 - Due to other FF/Latch trimming, FF/Latch <Adr_16> (without init value) has a constant value of 0 in block <main>. This FF/Latch will be trimmed during the optimization process.
WARNING:Xst:1895 - Due to other FF/Latch trimming, FF/Latch <Adr_17> (without init value) has a constant value of 0 in block <main>. This FF/Latch will be trimmed during the optimization process.
WARNING:Xst:1895 - Due to other FF/Latch trimming, FF/Latch <Adr_18> (without init value) has a constant value of 0 in block <main>. This FF/Latch will be trimmed during the optimization process.
WARNING:Xst:1895 - Due to other FF/Latch trimming, FF/Latch <Adr_19> (without init value) has a constant value of 0 in block <main>. This FF/Latch will be trimmed during the optimization process.
WARNING:Xst:1895 - Due to other FF/Latch trimming, FF/Latch <Adr_20> (without init value) has a constant value of 0 in block <main>. This FF/Latch will be trimmed during the optimization process.
WARNING:Xst:1895 - Due to other FF/Latch trimming, FF/Latch <Adr_21> (without init value) has a constant value of 0 in block <main>. This FF/Latch will be trimmed during the optimization process.
WARNING:Xst:1896 - Due to other FF/Latch trimming, FF/Latch <DataIn_15> has a constant value of 0 in block <main>. This FF/Latch will be trimmed during the optimization process.
WARNING:Xst:1896 - Due to other FF/Latch trimming, FF/Latch <DataIn_14> has a constant value of 0 in block <main>. This FF/Latch will be trimmed during the optimization process.
WARNING:Xst:1896 - Due to other FF/Latch trimming, FF/Latch <DataIn_13> has a constant value of 0 in block <main>. This FF/Latch will be trimmed during the optimization process.
WARNING:Xst:1896 - Due to other FF/Latch trimming, FF/Latch <DataIn_12> has a constant value of 0 in block <main>. This FF/Latch will be trimmed during the optimization process.
WARNING:Xst:1896 - Due to other FF/Latch trimming, FF/Latch <DataIn_11> has a constant value of 0 in block <main>. This FF/Latch will be trimmed during the optimization process.
WARNING:Xst:1896 - Due to other FF/Latch trimming, FF/Latch <DataIn_10> has a constant value of 0 in block <main>. This FF/Latch will be trimmed during the optimization process.
WARNING:Xst:1896 - Due to other FF/Latch trimming, FF/Latch <DataIn_9> has a constant value of 0 in block <main>. This FF/Latch will be trimmed during the optimization process.
WARNING:Xst:1896 - Due to other FF/Latch trimming, FF/Latch <DataIn_8> has a constant value of 0 in block <main>. This FF/Latch will be trimmed during the optimization process.
INFO:Xst:2261 - The FF/Latch <STATE[4]_clk_DFF_86> in Unit <memctrl> is equivalent to the following 15 FFs/Latches, which will be removed : <STATE[4]_clk_DFF_87> <STATE[4]_clk_DFF_90> <STATE[4]_clk_DFF_88> <STATE[4]_clk_DFF_89> <STATE[4]_clk_DFF_91> <STATE[4]_clk_DFF_92> <STATE[4]_clk_DFF_95> <STATE[4]_clk_DFF_93> <STATE[4]_clk_DFF_94> <STATE[4]_clk_DFF_96> <STATE[4]_clk_DFF_97> <STATE[4]_clk_DFF_100> <STATE[4]_clk_DFF_98> <STATE[4]_clk_DFF_99> <STATE[4]_clk_DFF_101> 
INFO:Xst:2261 - The FF/Latch <Adr_23> in Unit <main> is equivalent to the following FF/Latch, which will be removed : <Adr_22> 
INFO:Xst:2261 - The FF/Latch <DataLatch_8> in Unit <memctrl> is equivalent to the following 7 FFs/Latches, which will be removed : <DataLatch_9> <DataLatch_10> <DataLatch_11> <DataLatch_12> <DataLatch_13> <DataLatch_14> <DataLatch_15> 
INFO:Xst:2261 - The FF/Latch <AdrLatch_1> in Unit <memctrl> is equivalent to the following FF/Latch, which will be removed : <AdrLatch_2> 
INFO:Xst:2261 - The FF/Latch <AdrLatch_3> in Unit <memctrl> is equivalent to the following 20 FFs/Latches, which will be removed : <AdrLatch_4> <AdrLatch_5> <AdrLatch_6> <AdrLatch_7> <AdrLatch_8> <AdrLatch_9> <AdrLatch_10> <AdrLatch_11> <AdrLatch_12> <AdrLatch_13> <AdrLatch_14> <AdrLatch_15> <AdrLatch_16> <AdrLatch_17> <AdrLatch_18> <AdrLatch_19> <AdrLatch_20> <AdrLatch_21> <AdrLatch_22> <AdrLatch_23> 
WARNING:Xst:1710 - FF/Latch <DataLatch_8> (without init value) has a constant value of 0 in block <memctrl>. This FF/Latch will be trimmed during the optimization process.
WARNING:Xst:1895 - Due to other FF/Latch trimming, FF/Latch <AdrLatch_3> (without init value) has a constant value of 0 in block <memctrl>. This FF/Latch will be trimmed during the optimization process.
WARNING:Xst:1895 - Due to other FF/Latch trimming, FF/Latch <MemAdr_23> (without init value) has a constant value of 0 in block <memctrl>. This FF/Latch will be trimmed during the optimization process.
WARNING:Xst:1895 - Due to other FF/Latch trimming, FF/Latch <MemAdr_22> (without init value) has a constant value of 0 in block <memctrl>. This FF/Latch will be trimmed during the optimization process.
WARNING:Xst:1895 - Due to other FF/Latch trimming, FF/Latch <MemAdr_21> (without init value) has a constant value of 0 in block <memctrl>. This FF/Latch will be trimmed during the optimization process.
WARNING:Xst:1895 - Due to other FF/Latch trimming, FF/Latch <MemAdr_20> (without init value) has a constant value of 0 in block <memctrl>. This FF/Latch will be trimmed during the optimization process.
WARNING:Xst:1895 - Due to other FF/Latch trimming, FF/Latch <MemAdr_19> (without init value) has a constant value of 0 in block <memctrl>. This FF/Latch will be trimmed during the optimization process.
WARNING:Xst:1895 - Due to other FF/Latch trimming, FF/Latch <MemAdr_18> (without init value) has a constant value of 0 in block <memctrl>. This FF/Latch will be trimmed during the optimization process.
WARNING:Xst:1895 - Due to other FF/Latch trimming, FF/Latch <MemAdr_17> (without init value) has a constant value of 0 in block <memctrl>. This FF/Latch will be trimmed during the optimization process.
WARNING:Xst:1895 - Due to other FF/Latch trimming, FF/Latch <MemAdr_16> (without init value) has a constant value of 0 in block <memctrl>. This FF/Latch will be trimmed during the optimization process.
WARNING:Xst:1895 - Due to other FF/Latch trimming, FF/Latch <MemAdr_15> (without init value) has a constant value of 0 in block <memctrl>. This FF/Latch will be trimmed during the optimization process.
WARNING:Xst:1895 - Due to other FF/Latch trimming, FF/Latch <MemAdr_14> (without init value) has a constant value of 0 in block <memctrl>. This FF/Latch will be trimmed during the optimization process.
WARNING:Xst:1895 - Due to other FF/Latch trimming, FF/Latch <MemAdr_13> (without init value) has a constant value of 0 in block <memctrl>. This FF/Latch will be trimmed during the optimization process.
WARNING:Xst:1895 - Due to other FF/Latch trimming, FF/Latch <MemAdr_12> (without init value) has a constant value of 0 in block <memctrl>. This FF/Latch will be trimmed during the optimization process.
WARNING:Xst:1895 - Due to other FF/Latch trimming, FF/Latch <MemAdr_11> (without init value) has a constant value of 0 in block <memctrl>. This FF/Latch will be trimmed during the optimization process.
WARNING:Xst:1895 - Due to other FF/Latch trimming, FF/Latch <MemAdr_10> (without init value) has a constant value of 0 in block <memctrl>. This FF/Latch will be trimmed during the optimization process.
WARNING:Xst:1895 - Due to other FF/Latch trimming, FF/Latch <MemAdr_9> (without init value) has a constant value of 0 in block <memctrl>. This FF/Latch will be trimmed during the optimization process.
WARNING:Xst:1895 - Due to other FF/Latch trimming, FF/Latch <MemAdr_8> (without init value) has a constant value of 0 in block <memctrl>. This FF/Latch will be trimmed during the optimization process.
WARNING:Xst:1895 - Due to other FF/Latch trimming, FF/Latch <MemAdr_7> (without init value) has a constant value of 0 in block <memctrl>. This FF/Latch will be trimmed during the optimization process.
WARNING:Xst:1895 - Due to other FF/Latch trimming, FF/Latch <MemAdr_6> (without init value) has a constant value of 0 in block <memctrl>. This FF/Latch will be trimmed during the optimization process.
WARNING:Xst:1895 - Due to other FF/Latch trimming, FF/Latch <MemAdr_5> (without init value) has a constant value of 0 in block <memctrl>. This FF/Latch will be trimmed during the optimization process.
WARNING:Xst:1895 - Due to other FF/Latch trimming, FF/Latch <MemAdr_4> (without init value) has a constant value of 0 in block <memctrl>. This FF/Latch will be trimmed during the optimization process.
WARNING:Xst:1895 - Due to other FF/Latch trimming, FF/Latch <MemAdr_3> (without init value) has a constant value of 0 in block <memctrl>. This FF/Latch will be trimmed during the optimization process.
INFO:Xst:2261 - The FF/Latch <MemAdr_1> in Unit <memctrl> is equivalent to the following FF/Latch, which will be removed : <MemAdr_2> 
Analyzing FSM <MFsm> for best encoding.
Optimizing FSM <MemoryController/FSM_1> on signal <STATE[1:5]> with user encoding.
--------------------
 State  | Encoding
--------------------
 init   | 00000
 write1 | 00001
 write2 | 00010
 write3 | 00011
 write4 | 00100
 write5 | 00101
 write6 | 00110
 write7 | 00111
 write8 | 01000
 write9 | 01001
 finish | 01010
 read0  | 01011
 read1  | 01100
 read2  | 01101
 read3  | 01110
 read4  | 01111
 read5  | 10000
 read6  | 10001
 read7  | 10010
 read8  | 10011
 read9  | 10100
--------------------
Analyzing FSM <MFsm> for best encoding.
Optimizing FSM <MemoryController/FSM_0> on signal <OK[1:2]> with gray encoding.
----------------------------------------------
 State                            | Encoding
----------------------------------------------
 10000000000000000000000000000000 | 00
 00000000000000000000000000000000 | 01
 00000000000000000000000000000001 | 11
----------------------------------------------
INFO:Xst:2261 - The FF/Latch <RamUB> in Unit <memctrl> is equivalent to the following FF/Latch, which will be removed : <RamLB> 
WARNING:Xst:2677 - Node <MemoryController/DataOut_15> of sequential type is unconnected in block <main>.
WARNING:Xst:2677 - Node <MemoryController/DataOut_14> of sequential type is unconnected in block <main>.
WARNING:Xst:2677 - Node <MemoryController/DataOut_13> of sequential type is unconnected in block <main>.
WARNING:Xst:2677 - Node <MemoryController/DataOut_12> of sequential type is unconnected in block <main>.
WARNING:Xst:2677 - Node <MemoryController/DataOut_11> of sequential type is unconnected in block <main>.
WARNING:Xst:2677 - Node <MemoryController/DataOut_10> of sequential type is unconnected in block <main>.
WARNING:Xst:2677 - Node <MemoryController/DataOut_9> of sequential type is unconnected in block <main>.
WARNING:Xst:2677 - Node <MemoryController/DataOut_8> of sequential type is unconnected in block <main>.

Optimizing unit <main> ...
WARNING:Xst:1293 - FF/Latch <MemoryController/idle_5> has a constant value of 0 in block <main>. This FF/Latch will be trimmed during the optimization process.
WARNING:Xst:1896 - Due to other FF/Latch trimming, FF/Latch <MemoryController/idle_6> has a constant value of 0 in block <main>. This FF/Latch will be trimmed during the optimization process.
WARNING:Xst:1896 - Due to other FF/Latch trimming, FF/Latch <MemoryController/idle_7> has a constant value of 0 in block <main>. This FF/Latch will be trimmed during the optimization process.
WARNING:Xst:1896 - Due to other FF/Latch trimming, FF/Latch <MemoryController/idle_8> has a constant value of 0 in block <main>. This FF/Latch will be trimmed during the optimization process.
WARNING:Xst:1896 - Due to other FF/Latch trimming, FF/Latch <MemoryController/idle_9> has a constant value of 0 in block <main>. This FF/Latch will be trimmed during the optimization process.
WARNING:Xst:1896 - Due to other FF/Latch trimming, FF/Latch <MemoryController/idle_10> has a constant value of 0 in block <main>. This FF/Latch will be trimmed during the optimization process.
WARNING:Xst:1896 - Due to other FF/Latch trimming, FF/Latch <MemoryController/idle_11> has a constant value of 0 in block <main>. This FF/Latch will be trimmed during the optimization process.
WARNING:Xst:1896 - Due to other FF/Latch trimming, FF/Latch <MemoryController/idle_12> has a constant value of 0 in block <main>. This FF/Latch will be trimmed during the optimization process.
WARNING:Xst:1896 - Due to other FF/Latch trimming, FF/Latch <MemoryController/idle_13> has a constant value of 0 in block <main>. This FF/Latch will be trimmed during the optimization process.
WARNING:Xst:1896 - Due to other FF/Latch trimming, FF/Latch <MemoryController/idle_14> has a constant value of 0 in block <main>. This FF/Latch will be trimmed during the optimization process.
WARNING:Xst:1896 - Due to other FF/Latch trimming, FF/Latch <MemoryController/idle_15> has a constant value of 0 in block <main>. This FF/Latch will be trimmed during the optimization process.
WARNING:Xst:1896 - Due to other FF/Latch trimming, FF/Latch <MemoryController/idle_16> has a constant value of 0 in block <main>. This FF/Latch will be trimmed during the optimization process.
WARNING:Xst:1896 - Due to other FF/Latch trimming, FF/Latch <MemoryController/idle_17> has a constant value of 0 in block <main>. This FF/Latch will be trimmed during the optimization process.
WARNING:Xst:1896 - Due to other FF/Latch trimming, FF/Latch <MemoryController/idle_18> has a constant value of 0 in block <main>. This FF/Latch will be trimmed during the optimization process.
WARNING:Xst:1896 - Due to other FF/Latch trimming, FF/Latch <MemoryController/idle_19> has a constant value of 0 in block <main>. This FF/Latch will be trimmed during the optimization process.
WARNING:Xst:1896 - Due to other FF/Latch trimming, FF/Latch <MemoryController/idle_20> has a constant value of 0 in block <main>. This FF/Latch will be trimmed during the optimization process.
WARNING:Xst:1896 - Due to other FF/Latch trimming, FF/Latch <MemoryController/idle_21> has a constant value of 0 in block <main>. This FF/Latch will be trimmed during the optimization process.
WARNING:Xst:1896 - Due to other FF/Latch trimming, FF/Latch <MemoryController/idle_22> has a constant value of 0 in block <main>. This FF/Latch will be trimmed during the optimization process.
WARNING:Xst:1896 - Due to other FF/Latch trimming, FF/Latch <MemoryController/idle_23> has a constant value of 0 in block <main>. This FF/Latch will be trimmed during the optimization process.
WARNING:Xst:1896 - Due to other FF/Latch trimming, FF/Latch <MemoryController/idle_24> has a constant value of 0 in block <main>. This FF/Latch will be trimmed during the optimization process.
WARNING:Xst:1896 - Due to other FF/Latch trimming, FF/Latch <MemoryController/idle_25> has a constant value of 0 in block <main>. This FF/Latch will be trimmed during the optimization process.
WARNING:Xst:1896 - Due to other FF/Latch trimming, FF/Latch <MemoryController/idle_26> has a constant value of 0 in block <main>. This FF/Latch will be trimmed during the optimization process.
WARNING:Xst:1896 - Due to other FF/Latch trimming, FF/Latch <MemoryController/idle_27> has a constant value of 0 in block <main>. This FF/Latch will be trimmed during the optimization process.
WARNING:Xst:1896 - Due to other FF/Latch trimming, FF/Latch <MemoryController/idle_28> has a constant value of 0 in block <main>. This FF/Latch will be trimmed during the optimization process.
WARNING:Xst:1896 - Due to other FF/Latch trimming, FF/Latch <MemoryController/idle_29> has a constant value of 0 in block <main>. This FF/Latch will be trimmed during the optimization process.
WARNING:Xst:1896 - Due to other FF/Latch trimming, FF/Latch <MemoryController/idle_30> has a constant value of 0 in block <main>. This FF/Latch will be trimmed during the optimization process.
WARNING:Xst:1896 - Due to other FF/Latch trimming, FF/Latch <MemoryController/idle_31> has a constant value of 0 in block <main>. This FF/Latch will be trimmed during the optimization process.
INFO:Xst:2261 - The FF/Latch <MemoryController/OK_FSM_FFd1> in Unit <main> is equivalent to the following FF/Latch, which will be removed : <MemoryController/OKOUT> 

Mapping all equations...
Building and optimizing final netlist ...
Found area constraint ratio of 100 (+ 5) on block main, actual ratio is 1.
FlipFlop MemoryController/STATE_FSM_FFd3 has been replicated 1 time(s)

Final Macro Processing ...

=========================================================================
Final Register Report

Macro Statistics
# Registers                                            : 75
 Flip-Flops                                            : 75

=========================================================================

=========================================================================
*                           Partition Report                            *
=========================================================================

Partition Implementation Status
-------------------------------

  No Partitions were found in this design.

-------------------------------

=========================================================================
*                            Design Summary                             *
=========================================================================

Top Level Output File Name         : main.ngc

Primitive and Black Box Usage:
------------------------------
# BELS                             : 109
#      GND                         : 1
#      INV                         : 6
#      LUT1                        : 1
#      LUT2                        : 14
#      LUT3                        : 13
#      LUT4                        : 7
#      LUT5                        : 21
#      LUT6                        : 28
#      MUXCY                       : 11
#      MUXF7                       : 1
#      VCC                         : 1
#      XORCY                       : 5
# FlipFlops/Latches                : 75
#      FD                          : 30
#      FDE                         : 42
#      FDR                         : 3
# Clock Buffers                    : 1
#      BUFGP                       : 1
# IO Buffers                       : 69
#      IBUF                        : 13
#      IOBUF                       : 17
#      OBUF                        : 39

Device utilization summary:
---------------------------

Selected Device : 6slx16csg324-3 


Slice Logic Utilization: 
 Number of Slice Registers:              74  out of  18224     0%  
 Number of Slice LUTs:                   90  out of   9112     0%  
    Number used as Logic:                90  out of   9112     0%  

Slice Logic Distribution: 
 Number of LUT Flip Flop pairs used:    104
   Number with an unused Flip Flop:      30  out of    104    28%  
   Number with an unused LUT:            14  out of    104    13%  
   Number of fully used LUT-FF pairs:    60  out of    104    57%  
   Number of unique control sets:         8

IO Utilization: 
 Number of IOs:                          70
 Number of bonded IOBs:                  70  out of    232    30%  
    IOB Flip Flops/Latches:               1

Specific Feature Utilization:
 Number of BUFG/BUFGCTRLs:                1  out of     16     6%  

---------------------------
Partition Resource Summary:
---------------------------

  No Partitions were found in this design.

---------------------------


=========================================================================
Timing Report

NOTE: THESE TIMING NUMBERS ARE ONLY A SYNTHESIS ESTIMATE.
      FOR ACCURATE TIMING INFORMATION PLEASE REFER TO THE TRACE REPORT
      GENERATED AFTER PLACE-and-ROUTE.

Clock Information:
------------------
-----------------------------------+------------------------+-------+
Clock Signal                       | Clock buffer(FF name)  | Load  |
-----------------------------------+------------------------+-------+
clk                                | BUFGP                  | 75    |
-----------------------------------+------------------------+-------+

Asynchronous Control Signals Information:
----------------------------------------
No asynchronous control signals found in this design

Timing Summary:
---------------
Speed Grade: -3

   Minimum period: 3.847ns (Maximum Frequency: 259.919MHz)
   Minimum input arrival time before clock: 4.430ns
   Maximum output required time after clock: 4.844ns
   Maximum combinational path delay: No path found

Timing Details:
---------------
All values displayed in nanoseconds (ns)

=========================================================================
Timing constraint: Default period analysis for Clock 'clk'
  Clock period: 3.847ns (frequency: 259.919MHz)
  Total number of paths / destination ports: 664 / 101
-------------------------------------------------------------------------
Delay:               3.847ns (Levels of Logic = 3)
  Source:            MemoryController/idle_0 (FF)
  Destination:       MemoryController/STATE_FSM_FFd4 (FF)
  Source Clock:      clk rising
  Destination Clock: clk rising

  Data Path: MemoryController/idle_0 to MemoryController/STATE_FSM_FFd4
                                Gate     Net
    Cell:in->out      fanout   Delay   Delay  Logical Name (Net Name)
    ----------------------------------------  ------------
     FDE:C->Q              2   0.447   0.961  MemoryController/idle_0 (MemoryController/idle_0)
     LUT5:I0->O           16   0.203   1.005  MemoryController/Mcompar_idle[31]_GND_5_o_LessThan_46_o_lut<0> (MemoryController/Mcompar_idle[31]_GND_5_o_LessThan_46_o_lut<0>)
     LUT5:I4->O            2   0.205   0.721  MemoryController/STATE_FSM_FFd2-In211 (MemoryController/STATE_FSM_FFd2-In21)
     LUT6:I4->O            1   0.203   0.000  MemoryController/STATE_FSM_FFd4-In3 (MemoryController/STATE_FSM_FFd4-In)
     FD:D                      0.102          MemoryController/STATE_FSM_FFd4
    ----------------------------------------
    Total                      3.847ns (1.160ns logic, 2.687ns route)
                                       (30.2% logic, 69.8% route)

=========================================================================
Timing constraint: Default OFFSET IN BEFORE for Clock 'clk'
  Total number of paths / destination ports: 104 / 53
-------------------------------------------------------------------------
Offset:              4.430ns (Levels of Logic = 3)
  Source:            btnl (PAD)
  Destination:       led_0 (FF)
  Destination Clock: clk rising

  Data Path: btnl to led_0
                                Gate     Net
    Cell:in->out      fanout   Delay   Delay  Logical Name (Net Name)
    ----------------------------------------  ------------
     IBUF:I->O             5   1.222   1.059  btnl_IBUF (btnl_IBUF)
     LUT6:I1->O            2   0.203   0.617  _n0096_inv11 (_n0096_inv1)
     LUT3:I2->O            8   0.205   0.802  _n0096_inv2 (_n0096_inv)
     FDE:CE                    0.322          led_0
    ----------------------------------------
    Total                      4.430ns (1.952ns logic, 2.478ns route)
                                       (44.1% logic, 55.9% route)

=========================================================================
Timing constraint: Default OFFSET OUT AFTER for Clock 'clk'
  Total number of paths / destination ports: 49 / 32
-------------------------------------------------------------------------
Offset:              4.844ns (Levels of Logic = 2)
  Source:            MemoryController/STATE[4]_clk_DFF_86 (FF)
  Destination:       Data<15> (PAD)
  Source Clock:      clk rising

  Data Path: MemoryController/STATE[4]_clk_DFF_86 to Data<15>
                                Gate     Net
    Cell:in->out      fanout   Delay   Delay  Logical Name (Net Name)
    ----------------------------------------  ------------
     FD:C->Q               2   0.447   0.616  MemoryController/STATE[4]_clk_DFF_86 (MemoryController/STATE[4]_clk_DFF_86)
     INV:I->O             16   0.206   1.004  MemoryController/STATE[4]_clk_DFF_100_inv1_INV_0 (MemoryController/STATE[4]_clk_DFF_100_inv)
     IOBUF:T->IO               2.571          Data_15_IOBUF (Data<15>)
    ----------------------------------------
    Total                      4.844ns (3.224ns logic, 1.620ns route)
                                       (66.6% logic, 33.4% route)

=========================================================================

Cross Clock Domains Report:
--------------------------

Clock to Setup on destination clock clk
---------------+---------+---------+---------+---------+
               | Src:Rise| Src:Fall| Src:Rise| Src:Fall|
Source Clock   |Dest:Rise|Dest:Rise|Dest:Fall|Dest:Fall|
---------------+---------+---------+---------+---------+
clk            |    3.847|         |         |         |
---------------+---------+---------+---------+---------+

=========================================================================


Total REAL time to Xst completion: 10.00 secs
Total CPU time to Xst completion: 9.89 secs
 
--> 

Total memory usage is 246384 kilobytes

Number of errors   :    0 (   0 filtered)
Number of warnings :  179 (   0 filtered)
Number of infos    :    9 (   0 filtered)

